

Version:	3.50
CmdLine:	D:\User\Documents\CodingFiles\Java\DVDScreenSaver\out\artifacts\DVDScreenSaver_jar\dvd.exe --l4j-debug
JNI:		No
WOW64:		Yes
Working dir:	D:\User\Documents\CodingFiles\Java\DVDScreenSaver\out\artifacts\DVDScreenSaver_jar\.
Requires JDK:	Yes
Requires 64-Bit: No
Java min ver:	
Java max ver:	
JRE paths:	C:\Program Files (x86)\Java\jre1.8.0_451
Check launcher:	C:\Program Files (x86)\Java\jre1.8.0_451\bin\javaw.exe (OK)
Check javac:	C:\Program Files (x86)\Java\jre1.8.0_451\bin\javac.exe (not found)
Error msg:	This application requires a Java Runtime Environment.


Version:	3.50
CmdLine:	D:\User\Documents\CodingFiles\Java\DVDScreenSaver\out\artifacts\DVDScreenSaver_jar\dvd.exe --l4j-debug
JNI:		No
WOW64:		Yes
Working dir:	D:\User\Documents\CodingFiles\Java\DVDScreenSaver\out\artifacts\DVDScreenSaver_jar\.
Requires JDK:	Yes
Requires 64-Bit: No
Java min ver:	
Java max ver:	
JRE paths:	C:\Program Files (x86)\Java\jre1.8.0_451
Check launcher:	C:\Program Files (x86)\Java\jre1.8.0_451\bin\javaw.exe (OK)
Check javac:	C:\Program Files (x86)\Java\jre1.8.0_451\bin\javac.exe (not found)
Error msg:	This application requires a Java Runtime Environment.


Version:	3.50
CmdLine:	D:\User\Documents\CodingFiles\Java\DVDScreenSaver\out\artifacts\DVDScreenSaver_jar\dvd.exe --l4j-debug
JNI:		No
WOW64:		Yes
Working dir:	D:\User\Documents\CodingFiles\Java\DVDScreenSaver\out\artifacts\DVDScreenSaver_jar\.
Requires JDK:	Yes
Requires 64-Bit: No
Java min ver:	
Java max ver:	
JRE paths:	C:\Program Files (x86)\Java\jre1.8.0_451
Check launcher:	C:\Program Files (x86)\Java\jre1.8.0_451\bin\javaw.exe (OK)
Check javac:	C:\Program Files (x86)\Java\jre1.8.0_451\bin\javac.exe (not found)
Error msg:	This application requires a Java Runtime Environment.


Version:	3.50
CmdLine:	D:\User\Documents\CodingFiles\Java\DVDScreenSaver\out\artifacts\DVDScreenSaver_jar\dvd.exe --l4j-debug
JNI:		No
WOW64:		Yes
Working dir:	D:\User\Documents\CodingFiles\Java\DVDScreenSaver\out\artifacts\DVDScreenSaver_jar\.
Requires JDK:	Yes
Requires 64-Bit: No
Java min ver:	
Java max ver:	
JRE paths:	C:\Program Files (x86)\Java\jre1.8.0_451
Check launcher:	C:\Program Files (x86)\Java\jre1.8.0_451\bin\javaw.exe (OK)
Check javac:	C:\Program Files (x86)\Java\jre1.8.0_451\bin\javac.exe (not found)
Error msg:	This application requires a Java Runtime Environment.


Version:	3.50
CmdLine:	D:\User\Documents\CodingFiles\Java\DVDScreenSaver\out\artifacts\DVDScreenSaver_jar\dvd.exe --l4j-debug
JNI:		No
WOW64:		Yes
Working dir:	D:\User\Documents\CodingFiles\Java\DVDScreenSaver\out\artifacts\DVDScreenSaver_jar\.
Requires JDK:	Yes
Requires 64-Bit: No
Java min ver:	
Java max ver:	
JRE paths:	C:\Program Files (x86)\Java\latest
Check launcher:	C:\Program Files (x86)\Java\latest\bin\javaw.exe (not found)
Error msg:	This application requires a Java Runtime Environment.


Version:	3.50
CmdLine:	D:\User\Documents\CodingFiles\Java\DVDScreenSaver\out\artifacts\DVDScreenSaver_jar\dvd.exe --l4j-debug
JNI:		No
WOW64:		Yes
Working dir:	D:\User\Documents\CodingFiles\Java\DVDScreenSaver\out\artifacts\DVDScreenSaver_jar\.
Requires JDK:	Yes
Requires 64-Bit: No
Java min ver:	
Java max ver:	
JRE paths:	C:\Program Files (x86)\Java\jre1.8.0_451
Check launcher:	C:\Program Files (x86)\Java\jre1.8.0_451\bin\javaw.exe (OK)
Check javac:	C:\Program Files (x86)\Java\jre1.8.0_451\bin\javac.exe (not found)
Error msg:	This application requires a Java Runtime Environment.
